find-ttyusb.c:find_ttyusb_first:106:FOUND: </dev/ttyUSB0>
opened tty port </dev/ttyUSB0>.
my-install: tty-usb=</dev/ttyUSB0> program=<./tests/part2-test2.bin> about to boot
******************sending 24624 bytes
waiting for a start
got a start
putting code
put code and got back
bootloader: Done.
listening on ttyusb=</dev/ttyUSB0>
memtrace.c:memtrace_on:148:memtracing: about to turn ON
memtrace.c:memtrace_on:152:memtracing: ON
TRACE:about to try running at user level
TRACE:domain section fault: 0x200000 at pc=0xbe9c
fault address = 0x200000
TRACE:mismatch at pc 0xbea0: disabling
legal store at pc=0xbea0, addr=0x200000
TRACE:domain section fault: 0x200001 at pc=0xbe9c
fault address = 0x200001
TRACE:mismatch at pc 0xbea0: disabling
legal store at pc=0xbea0, addr=0x200001
TRACE:domain section fault: 0x200002 at pc=0xbe9c
fault address = 0x200002
TRACE:mismatch at pc 0xbea0: disabling
legal store at pc=0xbea0, addr=0x200002
TRACE:domain section fault: 0x200003 at pc=0xbe9c
fault address = 0x200003
TRACE:mismatch at pc 0xbea0: disabling
legal store at pc=0xbea0, addr=0x200003
TRACE:domain section fault: 0x200000 at pc=0x8020
fault address = 0x200000
TRACE:mismatch at pc 0x8024: disabling
legal store at pc=0x8024, addr=0x200000
TRACE:domain section fault: 0x200000 at pc=0x8028
fault address = 0x200000
TRACE:mismatch at pc 0x802c: disabling
load at pc=0x802c, addr=0x200000 checked out
legal load at pc=0x802c, addr=0x200000
system call: 1
done with user mode run!
memtrace.c:memtrace_off:160:memtrace: OFF
TRACE:success!!
DONE!!!

Saw done

bootloader: pi exited.  cleaning up
