find-ttyusb.c:find_ttyusb_first:106:FOUND: </dev/ttyUSB0>
opened tty port </dev/ttyUSB0>.
my-install: tty-usb=</dev/ttyUSB0> program=<./tests/part2-test3.bin> about to boot
******************sending 26020 bytes
waiting for a start
got a start
putting code
put code and got back
bootloader: Done.
listening on ttyusb=</dev/ttyUSB0>
memtrace.c:memtrace_on:148:memtracing: about to turn ON
memtrace.c:memtrace_on:152:memtracing: ON
TRACE:about to try running at user level
TRACE:domain section fault: 0x200000 at pc=0xc1c4
fault address = 0x200000
TRACE:mismatch at pc 0xc1c8: disabling
legal store at pc=0xc1c8, addr=0x200000
TRACE:domain section fault: 0x200001 at pc=0xc1c4
fault address = 0x200001
TRACE:mismatch at pc 0xc1c8: disabling
legal store at pc=0xc1c8, addr=0x200001
TRACE:domain section fault: 0x200002 at pc=0xc1c4
fault address = 0x200002
TRACE:mismatch at pc 0xc1c8: disabling
legal store at pc=0xc1c8, addr=0x200002
TRACE:domain section fault: 0x200003 at pc=0xc1c4
fault address = 0x200003
TRACE:mismatch at pc 0xc1c8: disabling
legal store at pc=0xc1c8, addr=0x200003
TRACE:ERASER:tid=1:in mark_alloc: addr=0x200000, nbytes=4
TRACE:domain section fault: 0x200000 at pc=0x8020
fault address = 0x200000
TRACE:mismatch at pc 0x8024: disabling
legal store at pc=0x8024, addr=0x200000
TRACE:--------------------------------------------------
TRACE:expect a load error at pc=0x8028, addr=0x200000
TRACE:--------------------------------------------------
TRACE:domain section fault: 0x200000 at pc=0x8028
fault address = 0x200000
TRACE:mismatch at pc 0x802c: disabling
TRACE:ERROR:load error at pc=0x802c, addr=0x200000: lockset empty!
DONE!!!

Saw done

bootloader: pi exited.  cleaning up
